---
source: src/parser/test.rs
expression: snapshot_parsing(contents)
---
[
    Type(
        Struct(
            Struct {
                visibility: Private,
                type_token: Token {
                    kind: Keyword(
                        Type,
                    ),
                    lexeme: "type",
                    span: 0..4,
                },
                name: Token {
                    kind: Identifier,
                    lexeme: "Point",
                    span: 5..10,
                },
                expr: Struct(
                    ExprStruct {
                        struct_token: Token {
                            kind: Keyword(
                                Struct,
                            ),
                            lexeme: "struct",
                            span: 11..17,
                        },
                        fields: [
                            Field {
                                visibility: Private,
                                name: Token {
                                    kind: Identifier,
                                    lexeme: "x",
                                    span: 24..25,
                                },
                                colon: Token {
                                    kind: Colon,
                                    lexeme: ":",
                                    span: 25..26,
                                },
                                ty: SignedNumber(
                                    32,
                                ),
                                default_expr: None,
                            },
                            Field {
                                visibility: Private,
                                name: Token {
                                    kind: Identifier,
                                    lexeme: "y",
                                    span: 36..37,
                                },
                                colon: Token {
                                    kind: Colon,
                                    lexeme: ":",
                                    span: 37..38,
                                },
                                ty: SignedNumber(
                                    32,
                                ),
                                default_expr: None,
                            },
                        ],
                    },
                ),
            },
        ),
    ),
]
