---
source: src/lexer/test.rs
expression: snapshot_lexing(contents)
---
pub fn main() void {
^^^ Token { kind: Keyword(Pub), lexeme: "pub", span: 0..3 }
    ^^ Token { kind: Keyword(Fn), lexeme: "fn", span: 4..6 }
       ^^^^ Token { kind: Identifier, lexeme: "main", span: 7..11 }
           ^ Token { kind: LeftParen, lexeme: "(", span: 11..12 }
            ^ Token { kind: RightParen, lexeme: ")", span: 12..13 }
              ^^^^ Token { kind: Identifier, lexeme: "void", span: 14..18 }
                   ^ Token { kind: LeftBrace, lexeme: "{", span: 19..20 }
    const value = if true {1} else {2};
    ^^^^^ Token { kind: Keyword(Const), lexeme: "const", span: 25..30 }
          ^^^^^ Token { kind: Identifier, lexeme: "value", span: 31..36 }
                ^ Token { kind: Equal, lexeme: "=", span: 37..38 }
                  ^^ Token { kind: Keyword(If), lexeme: "if", span: 39..41 }
                     ^^^^ Token { kind: Keyword(True), lexeme: "true", span: 42..46 }
                          ^ Token { kind: LeftBrace, lexeme: "{", span: 47..48 }
                           ^ Token { kind: Number, lexeme: "1", span: 48..49 }
                            ^ Token { kind: RightBrace, lexeme: "}", span: 49..50 }
                              ^^^^ Token { kind: Keyword(Else), lexeme: "else", span: 51..55 }
                                   ^ Token { kind: LeftBrace, lexeme: "{", span: 56..57 }
                                    ^ Token { kind: Number, lexeme: "2", span: 57..58 }
                                     ^ Token { kind: RightBrace, lexeme: "}", span: 58..59 }
                                      ^ Token { kind: Semicolon, lexeme: ";", span: 59..60 }
    println(#"{}"#, value);
    ^^^^^^^ Token { kind: Identifier, lexeme: "println", span: 65..72 }
           ^ Token { kind: LeftParen, lexeme: "(", span: 72..73 }
            ^^^^^^ Token { kind: String, lexeme: "{}", span: 73..79 }
                  ^ Token { kind: Comma, lexeme: ",", span: 79..80 }
                    ^^^^^ Token { kind: Identifier, lexeme: "value", span: 81..86 }
                         ^ Token { kind: RightParen, lexeme: ")", span: 86..87 }
                          ^ Token { kind: Semicolon, lexeme: ";", span: 87..88 }
}
^ Token { kind: RightBrace, lexeme: "}", span: 89..90 }
