---
source: bitbox/src/text/parser/test.rs
expression: "snapshot_parsing(\"../../../examples/import_function.bitbox\", & contents)"
---
Err(
    ErrorExpectedToken {
        actual: Token {
            kind: Star,
            lexeme: "*",
            span: Span {
                start: 61,
                end: 62,
                filename: "../../../examples/import_function.bitbox",
            },
        },
        expected: Identifier,
    },
)
