---
source: bitbox/src/text/parser/test.rs
expression: snapshot_parsing(contents)
---
Ok(
    Module {
        functions: [
            Function {
                name: Token {
                    kind: Identifier,
                    lexeme: "main",
                    span: 16..20,
                },
                visibility: Public,
                params: [],
                return_type: Token {
                    kind: Identifier,
                    lexeme: "s32",
                    span: 23..26,
                },
                block: [
                    BasicBlock {
                        label: Token {
                            kind: LabelDefinition,
                            lexeme: "entry",
                            span: 31..38,
                        },
                        instructions: [
                            Instruction {
                                instruction_kind: Load,
                                arguments: [
                                    Token {
                                        kind: Identifier,
                                        lexeme: "u8",
                                        span: 49..51,
                                    },
                                    Token {
                                        kind: Identifier,
                                        lexeme: "start",
                                        span: 54..59,
                                    },
                                    Token {
                                        kind: Number,
                                        lexeme: "0",
                                        span: 61..62,
                                    },
                                ],
                            },
                            Instruction {
                                instruction_kind: Jump,
                                arguments: [
                                    Token {
                                        kind: Label,
                                        lexeme: "loop",
                                        span: 73..78,
                                    },
                                ],
                            },
                        ],
                    },
                    BasicBlock {
                        label: Token {
                            kind: LabelDefinition,
                            lexeme: "loop",
                            span: 82..88,
                        },
                        instructions: [
                            Instruction {
                                instruction_kind: Phi,
                                arguments: [
                                    Token {
                                        kind: Identifier,
                                        lexeme: "u8",
                                        span: 98..100,
                                    },
                                    Token {
                                        kind: Identifier,
                                        lexeme: "result",
                                        span: 103..109,
                                    },
                                    Token {
                                        kind: Label,
                                        lexeme: "entry",
                                        span: 113..119,
                                    },
                                    Token {
                                        kind: Identifier,
                                        lexeme: "start",
                                        span: 121..126,
                                    },
                                    Token {
                                        kind: Label,
                                        lexeme: "loop",
                                        span: 130..135,
                                    },
                                    Token {
                                        kind: Identifier,
                                        lexeme: "next",
                                        span: 137..141,
                                    },
                                ],
                            },
                            Instruction {
                                instruction_kind: Cmp,
                                arguments: [
                                    Token {
                                        kind: Identifier,
                                        lexeme: "u8",
                                        span: 154..156,
                                    },
                                    Token {
                                        kind: Identifier,
                                        lexeme: "is_running",
                                        span: 159..169,
                                    },
                                    Token {
                                        kind: Identifier,
                                        lexeme: "result",
                                        span: 171..177,
                                    },
                                    Token {
                                        kind: Number,
                                        lexeme: "10",
                                        span: 179..181,
                                    },
                                ],
                            },
                            Instruction {
                                instruction_kind: Add,
                                arguments: [
                                    Token {
                                        kind: Identifier,
                                        lexeme: "u8",
                                        span: 191..193,
                                    },
                                    Token {
                                        kind: Identifier,
                                        lexeme: "next",
                                        span: 196..200,
                                    },
                                    Token {
                                        kind: Identifier,
                                        lexeme: "result",
                                        span: 202..208,
                                    },
                                    Token {
                                        kind: Number,
                                        lexeme: "1",
                                        span: 210..211,
                                    },
                                ],
                            },
                            Instruction {
                                instruction_kind: JumpIf,
                                arguments: [
                                    Token {
                                        kind: Identifier,
                                        lexeme: "is_running",
                                        span: 225..235,
                                    },
                                    Token {
                                        kind: Label,
                                        lexeme: "exit",
                                        span: 237..242,
                                    },
                                ],
                            },
                            Instruction {
                                instruction_kind: Jump,
                                arguments: [
                                    Token {
                                        kind: Label,
                                        lexeme: "loop",
                                        span: 253..258,
                                    },
                                ],
                            },
                        ],
                    },
                    BasicBlock {
                        label: Token {
                            kind: LabelDefinition,
                            lexeme: "exit",
                            span: 262..268,
                        },
                        instructions: [
                            Instruction {
                                instruction_kind: Ret,
                                arguments: [
                                    Token {
                                        kind: Identifier,
                                        lexeme: "u8",
                                        span: 278..280,
                                    },
                                    Token {
                                        kind: Identifier,
                                        lexeme: "result",
                                        span: 283..289,
                                    },
                                ],
                            },
                        ],
                    },
                ],
            },
        ],
        imports: [],
        externs: [],
        constants: [],
    },
)
