---
source: bitbox/src/text/parser/test.rs
expression: "snapshot_parsing(\"../../../examples/looping.bitbox\", & contents)"
---
Ok(
    Module {
        functions: [
            Function {
                name: Token {
                    kind: Identifier,
                    lexeme: "main",
                    span: Span {
                        start: 16,
                        end: 20,
                        filename: "../../../examples/looping.bitbox",
                    },
                },
                visibility: Public,
                params: [],
                return_type: Token {
                    kind: Identifier,
                    lexeme: "s32",
                    span: Span {
                        start: 23,
                        end: 26,
                        filename: "../../../examples/looping.bitbox",
                    },
                },
                block: [
                    BasicBlock {
                        label: Token {
                            kind: LabelDefinition,
                            lexeme: "entry",
                            span: Span {
                                start: 31,
                                end: 38,
                                filename: "../../../examples/looping.bitbox",
                            },
                        },
                        instructions: [
                            Instruction {
                                instruction_kind: Load,
                                arguments: [
                                    Token {
                                        kind: Identifier,
                                        lexeme: "u8",
                                        span: Span {
                                            start: 49,
                                            end: 51,
                                            filename: "../../../examples/looping.bitbox",
                                        },
                                    },
                                    Token {
                                        kind: Identifier,
                                        lexeme: "start",
                                        span: Span {
                                            start: 54,
                                            end: 59,
                                            filename: "../../../examples/looping.bitbox",
                                        },
                                    },
                                    Token {
                                        kind: Number,
                                        lexeme: "0",
                                        span: Span {
                                            start: 61,
                                            end: 62,
                                            filename: "../../../examples/looping.bitbox",
                                        },
                                    },
                                ],
                            },
                            Instruction {
                                instruction_kind: Jump,
                                arguments: [
                                    Token {
                                        kind: Label,
                                        lexeme: "loop",
                                        span: Span {
                                            start: 73,
                                            end: 78,
                                            filename: "../../../examples/looping.bitbox",
                                        },
                                    },
                                ],
                            },
                        ],
                    },
                    BasicBlock {
                        label: Token {
                            kind: LabelDefinition,
                            lexeme: "loop",
                            span: Span {
                                start: 82,
                                end: 88,
                                filename: "../../../examples/looping.bitbox",
                            },
                        },
                        instructions: [
                            Instruction {
                                instruction_kind: Phi,
                                arguments: [
                                    Token {
                                        kind: Identifier,
                                        lexeme: "u8",
                                        span: Span {
                                            start: 98,
                                            end: 100,
                                            filename: "../../../examples/looping.bitbox",
                                        },
                                    },
                                    Token {
                                        kind: Identifier,
                                        lexeme: "result",
                                        span: Span {
                                            start: 103,
                                            end: 109,
                                            filename: "../../../examples/looping.bitbox",
                                        },
                                    },
                                    Token {
                                        kind: Label,
                                        lexeme: "entry",
                                        span: Span {
                                            start: 113,
                                            end: 119,
                                            filename: "../../../examples/looping.bitbox",
                                        },
                                    },
                                    Token {
                                        kind: Identifier,
                                        lexeme: "start",
                                        span: Span {
                                            start: 121,
                                            end: 126,
                                            filename: "../../../examples/looping.bitbox",
                                        },
                                    },
                                    Token {
                                        kind: Label,
                                        lexeme: "loop",
                                        span: Span {
                                            start: 130,
                                            end: 135,
                                            filename: "../../../examples/looping.bitbox",
                                        },
                                    },
                                    Token {
                                        kind: Identifier,
                                        lexeme: "next",
                                        span: Span {
                                            start: 137,
                                            end: 141,
                                            filename: "../../../examples/looping.bitbox",
                                        },
                                    },
                                ],
                            },
                            Instruction {
                                instruction_kind: Cmp,
                                arguments: [
                                    Token {
                                        kind: Identifier,
                                        lexeme: "u8",
                                        span: Span {
                                            start: 154,
                                            end: 156,
                                            filename: "../../../examples/looping.bitbox",
                                        },
                                    },
                                    Token {
                                        kind: Identifier,
                                        lexeme: "is_running",
                                        span: Span {
                                            start: 159,
                                            end: 169,
                                            filename: "../../../examples/looping.bitbox",
                                        },
                                    },
                                    Token {
                                        kind: Identifier,
                                        lexeme: "result",
                                        span: Span {
                                            start: 171,
                                            end: 177,
                                            filename: "../../../examples/looping.bitbox",
                                        },
                                    },
                                    Token {
                                        kind: Number,
                                        lexeme: "10",
                                        span: Span {
                                            start: 179,
                                            end: 181,
                                            filename: "../../../examples/looping.bitbox",
                                        },
                                    },
                                ],
                            },
                            Instruction {
                                instruction_kind: Add,
                                arguments: [
                                    Token {
                                        kind: Identifier,
                                        lexeme: "u8",
                                        span: Span {
                                            start: 191,
                                            end: 193,
                                            filename: "../../../examples/looping.bitbox",
                                        },
                                    },
                                    Token {
                                        kind: Identifier,
                                        lexeme: "next",
                                        span: Span {
                                            start: 196,
                                            end: 200,
                                            filename: "../../../examples/looping.bitbox",
                                        },
                                    },
                                    Token {
                                        kind: Identifier,
                                        lexeme: "result",
                                        span: Span {
                                            start: 202,
                                            end: 208,
                                            filename: "../../../examples/looping.bitbox",
                                        },
                                    },
                                    Token {
                                        kind: Number,
                                        lexeme: "1",
                                        span: Span {
                                            start: 210,
                                            end: 211,
                                            filename: "../../../examples/looping.bitbox",
                                        },
                                    },
                                ],
                            },
                            Instruction {
                                instruction_kind: JumpIf,
                                arguments: [
                                    Token {
                                        kind: Identifier,
                                        lexeme: "is_running",
                                        span: Span {
                                            start: 225,
                                            end: 235,
                                            filename: "../../../examples/looping.bitbox",
                                        },
                                    },
                                    Token {
                                        kind: Label,
                                        lexeme: "exit",
                                        span: Span {
                                            start: 237,
                                            end: 242,
                                            filename: "../../../examples/looping.bitbox",
                                        },
                                    },
                                ],
                            },
                            Instruction {
                                instruction_kind: Jump,
                                arguments: [
                                    Token {
                                        kind: Label,
                                        lexeme: "loop",
                                        span: Span {
                                            start: 253,
                                            end: 258,
                                            filename: "../../../examples/looping.bitbox",
                                        },
                                    },
                                ],
                            },
                        ],
                    },
                    BasicBlock {
                        label: Token {
                            kind: LabelDefinition,
                            lexeme: "exit",
                            span: Span {
                                start: 262,
                                end: 268,
                                filename: "../../../examples/looping.bitbox",
                            },
                        },
                        instructions: [
                            Instruction {
                                instruction_kind: Ret,
                                arguments: [
                                    Token {
                                        kind: Identifier,
                                        lexeme: "u8",
                                        span: Span {
                                            start: 278,
                                            end: 280,
                                            filename: "../../../examples/looping.bitbox",
                                        },
                                    },
                                    Token {
                                        kind: Identifier,
                                        lexeme: "result",
                                        span: Span {
                                            start: 283,
                                            end: 289,
                                            filename: "../../../examples/looping.bitbox",
                                        },
                                    },
                                ],
                            },
                        ],
                    },
                ],
            },
        ],
        imports: [],
        externs: [],
        constants: [],
    },
)
