---
source: bitbox/src/text/parser/test.rs
expression: "snapshot_parsing(\"../../../examples/array.bitbox\", & contents)"
---
Ok(
    Module {
        functions: [
            Function {
                name: Token {
                    kind: Identifier,
                    lexeme: "main",
                    span: Span {
                        start: 16,
                        end: 20,
                        filename: "../../../examples/array.bitbox",
                    },
                },
                visibility: Public,
                params: [],
                return_type: Token {
                    kind: Identifier,
                    lexeme: "s32",
                    span: Span {
                        start: 23,
                        end: 26,
                        filename: "../../../examples/array.bitbox",
                    },
                },
                block: [
                    BasicBlock {
                        label: Token {
                            kind: LabelDefinition,
                            lexeme: "entry",
                            span: Span {
                                start: 31,
                                end: 38,
                                filename: "../../../examples/array.bitbox",
                            },
                        },
                        instructions: [
                            Instruction {
                                instruction_kind: Alloc,
                                arguments: [
                                    Token {
                                        kind: Identifier,
                                        lexeme: "s32",
                                        span: Span {
                                            start: 50,
                                            end: 53,
                                            filename: "../../../examples/array.bitbox",
                                        },
                                    },
                                    Token {
                                        kind: Identifier,
                                        lexeme: "arr",
                                        span: Span {
                                            start: 56,
                                            end: 59,
                                            filename: "../../../examples/array.bitbox",
                                        },
                                    },
                                    Token {
                                        kind: Number,
                                        lexeme: "3",
                                        span: Span {
                                            start: 61,
                                            end: 62,
                                            filename: "../../../examples/array.bitbox",
                                        },
                                    },
                                ],
                            },
                            Instruction {
                                instruction_kind: ElemSet,
                                arguments: [
                                    Token {
                                        kind: Identifier,
                                        lexeme: "s32",
                                        span: Span {
                                            start: 76,
                                            end: 79,
                                            filename: "../../../examples/array.bitbox",
                                        },
                                    },
                                    Token {
                                        kind: Identifier,
                                        lexeme: "arr",
                                        span: Span {
                                            start: 82,
                                            end: 85,
                                            filename: "../../../examples/array.bitbox",
                                        },
                                    },
                                    Token {
                                        kind: Number,
                                        lexeme: "0",
                                        span: Span {
                                            start: 87,
                                            end: 88,
                                            filename: "../../../examples/array.bitbox",
                                        },
                                    },
                                    Token {
                                        kind: Number,
                                        lexeme: "100",
                                        span: Span {
                                            start: 90,
                                            end: 93,
                                            filename: "../../../examples/array.bitbox",
                                        },
                                    },
                                ],
                            },
                            Instruction {
                                instruction_kind: ElemSet,
                                arguments: [
                                    Token {
                                        kind: Identifier,
                                        lexeme: "s32",
                                        span: Span {
                                            start: 107,
                                            end: 110,
                                            filename: "../../../examples/array.bitbox",
                                        },
                                    },
                                    Token {
                                        kind: Identifier,
                                        lexeme: "arr",
                                        span: Span {
                                            start: 113,
                                            end: 116,
                                            filename: "../../../examples/array.bitbox",
                                        },
                                    },
                                    Token {
                                        kind: Number,
                                        lexeme: "1",
                                        span: Span {
                                            start: 118,
                                            end: 119,
                                            filename: "../../../examples/array.bitbox",
                                        },
                                    },
                                    Token {
                                        kind: Number,
                                        lexeme: "200",
                                        span: Span {
                                            start: 121,
                                            end: 124,
                                            filename: "../../../examples/array.bitbox",
                                        },
                                    },
                                ],
                            },
                            Instruction {
                                instruction_kind: ElemSet,
                                arguments: [
                                    Token {
                                        kind: Identifier,
                                        lexeme: "s32",
                                        span: Span {
                                            start: 138,
                                            end: 141,
                                            filename: "../../../examples/array.bitbox",
                                        },
                                    },
                                    Token {
                                        kind: Identifier,
                                        lexeme: "arr",
                                        span: Span {
                                            start: 144,
                                            end: 147,
                                            filename: "../../../examples/array.bitbox",
                                        },
                                    },
                                    Token {
                                        kind: Number,
                                        lexeme: "2",
                                        span: Span {
                                            start: 149,
                                            end: 150,
                                            filename: "../../../examples/array.bitbox",
                                        },
                                    },
                                    Token {
                                        kind: Number,
                                        lexeme: "300",
                                        span: Span {
                                            start: 152,
                                            end: 155,
                                            filename: "../../../examples/array.bitbox",
                                        },
                                    },
                                ],
                            },
                            Instruction {
                                instruction_kind: ElemGet,
                                arguments: [
                                    Token {
                                        kind: Identifier,
                                        lexeme: "s32",
                                        span: Span {
                                            start: 169,
                                            end: 172,
                                            filename: "../../../examples/array.bitbox",
                                        },
                                    },
                                    Token {
                                        kind: Identifier,
                                        lexeme: "ret",
                                        span: Span {
                                            start: 174,
                                            end: 177,
                                            filename: "../../../examples/array.bitbox",
                                        },
                                    },
                                    Token {
                                        kind: Identifier,
                                        lexeme: "arr",
                                        span: Span {
                                            start: 179,
                                            end: 182,
                                            filename: "../../../examples/array.bitbox",
                                        },
                                    },
                                    Token {
                                        kind: Number,
                                        lexeme: "1",
                                        span: Span {
                                            start: 184,
                                            end: 185,
                                            filename: "../../../examples/array.bitbox",
                                        },
                                    },
                                ],
                            },
                            Instruction {
                                instruction_kind: Ret,
                                arguments: [
                                    Token {
                                        kind: Identifier,
                                        lexeme: "s32",
                                        span: Span {
                                            start: 195,
                                            end: 198,
                                            filename: "../../../examples/array.bitbox",
                                        },
                                    },
                                    Token {
                                        kind: Identifier,
                                        lexeme: "ret",
                                        span: Span {
                                            start: 201,
                                            end: 204,
                                            filename: "../../../examples/array.bitbox",
                                        },
                                    },
                                ],
                            },
                        ],
                    },
                ],
            },
        ],
        imports: [],
        externs: [],
        constants: [],
    },
)
