---
source: src/lexer/test.rs
expression: snapshot_lexing(contents)
---
type Point struct {
^^^^ Token { kind: Keyword(Type), lexeme: "type", span: 0..4 }
     ^^^^^ Token { kind: Identifier, lexeme: "Point", span: 5..10 }
           ^^^^^^ Token { kind: Keyword(Struct), lexeme: "struct", span: 11..17 }
                  ^ Token { kind: LeftBrace, lexeme: "{", span: 18..19 }
    x: s32,
    ^ Token { kind: Identifier, lexeme: "x", span: 24..25 }
     ^ Token { kind: Colon, lexeme: ":", span: 25..26 }
       ^^^ Token { kind: Identifier, lexeme: "s32", span: 27..30 }
          ^ Token { kind: Comma, lexeme: ",", span: 30..31 }
    y: s32,
    ^ Token { kind: Identifier, lexeme: "y", span: 36..37 }
     ^ Token { kind: Colon, lexeme: ":", span: 37..38 }
       ^^^ Token { kind: Identifier, lexeme: "s32", span: 39..42 }
          ^ Token { kind: Comma, lexeme: ",", span: 42..43 }
}
^ Token { kind: RightBrace, lexeme: "}", span: 44..45 }
