---
source: src/parser/test.rs
expression: snapshot_parsing(contents)
---
[
    Function(
        Function {
            visibility: Public,
            fn_token: Token {
                kind: Keyword(
                    Fn,
                ),
                lexeme: "fn",
                span: 4..6,
            },
            name: Token {
                kind: Identifier,
                lexeme: "main",
                span: 7..11,
            },
            params: [],
            return_type: Void,
            body: Block {
                open_brace: Token {
                    kind: LeftBrace,
                    lexeme: "{",
                    span: 19..20,
                },
                statements: [
                    Statement {
                        expr: Assignment(
                            ExprAssignment {
                                const_token: Token {
                                    kind: Keyword(
                                        Const,
                                    ),
                                    lexeme: "const",
                                    span: 25..30,
                                },
                                ty: Some(
                                    SignedNumber(
                                        32,
                                    ),
                                ),
                                ident: Token {
                                    kind: Identifier,
                                    lexeme: "value",
                                    span: 31..36,
                                },
                                expr: IfElse(
                                    ExprIfElse {
                                        condition: Litral(
                                            BoolTrue(
                                                Token {
                                                    kind: Keyword(
                                                        True,
                                                    ),
                                                    lexeme: "true",
                                                    span: 47..51,
                                                },
                                            ),
                                        ),
                                        then_branch: Block {
                                            open_brace: Token {
                                                kind: LeftBrace,
                                                lexeme: "{",
                                                span: 52..53,
                                            },
                                            statements: [
                                                Statement {
                                                    expr: Litral(
                                                        Integer(
                                                            Token {
                                                                kind: Number,
                                                                lexeme: "1",
                                                                span: 53..54,
                                                            },
                                                        ),
                                                    ),
                                                    delem: None,
                                                },
                                            ],
                                            close_brace: Token {
                                                kind: RightBrace,
                                                lexeme: "}",
                                                span: 54..55,
                                            },
                                        },
                                        else_branch: Some(
                                            Block {
                                                open_brace: Token {
                                                    kind: LeftBrace,
                                                    lexeme: "{",
                                                    span: 61..62,
                                                },
                                                statements: [
                                                    Statement {
                                                        expr: Litral(
                                                            Integer(
                                                                Token {
                                                                    kind: Number,
                                                                    lexeme: "2",
                                                                    span: 62..63,
                                                                },
                                                            ),
                                                        ),
                                                        delem: None,
                                                    },
                                                ],
                                                close_brace: Token {
                                                    kind: RightBrace,
                                                    lexeme: "}",
                                                    span: 63..64,
                                                },
                                            },
                                        ),
                                    },
                                ),
                            },
                        ),
                        delem: Some(
                            Token {
                                kind: Semicolon,
                                lexeme: ";",
                                span: 64..65,
                            },
                        ),
                    },
                    Statement {
                        expr: Call(
                            ExprCall {
                                caller: Identifier(
                                    Token {
                                        kind: Identifier,
                                        lexeme: "println",
                                        span: 70..77,
                                    },
                                ),
                                left_paren: Token {
                                    kind: LeftParen,
                                    lexeme: "(",
                                    span: 77..78,
                                },
                                args: [
                                    Litral(
                                        String(
                                            Token {
                                                kind: String,
                                                lexeme: "{}",
                                                span: 78..84,
                                            },
                                        ),
                                    ),
                                    Identifier(
                                        Token {
                                            kind: Identifier,
                                            lexeme: "value",
                                            span: 86..91,
                                        },
                                    ),
                                ],
                                right_paren: Token {
                                    kind: RightParen,
                                    lexeme: ")",
                                    span: 91..92,
                                },
                            },
                        ),
                        delem: Some(
                            Token {
                                kind: Semicolon,
                                lexeme: ";",
                                span: 92..93,
                            },
                        ),
                    },
                ],
                close_brace: Token {
                    kind: RightBrace,
                    lexeme: "}",
                    span: 94..95,
                },
            },
        },
    ),
]
