---
source: bitbox/src/text/lexer/test.rs
expression: snapshot_lexing(contents)
---
public function main() s32 {
^^^^^^ Token { kind: Keyword(Public), lexeme: "public", span: 0..6 }
       ^^^^^^^^ Token { kind: Keyword(Function), lexeme: "function", span: 7..15 }
                ^^^^ Token { kind: Identifier, lexeme: "main", span: 16..20 }
                    ^ Token { kind: LeftParen, lexeme: "(", span: 20..21 }
                     ^ Token { kind: RightParen, lexeme: ")", span: 21..22 }
                       ^^^ Token { kind: Identifier, lexeme: "s32", span: 23..26 }
                           ^^ Token { kind: LeftBrace, lexeme: "{", span: 27..29 }
  %entry:
  ^^^^^^^ Token { kind: LabelDefinition, lexeme: "entry", span: 31..38 }
    @load u8 : start, 0
^ Token { kind: Delimiter, lexeme: "\\n", span: 38..39 }
    ^^^^^ Token { kind: Instruction(Load), lexeme: "@load", span: 43..48 }
          ^^ Token { kind: Identifier, lexeme: "u8", span: 49..51 }
             ^ Token { kind: Colon, lexeme: ":", span: 52..53 }
               ^^^^^ Token { kind: Identifier, lexeme: "start", span: 54..59 }
                    ^ Token { kind: Comma, lexeme: ",", span: 59..60 }
                      ^ Token { kind: Number, lexeme: "0", span: 61..62 }
    @jump %loop
^ Token { kind: Delimiter, lexeme: "\\n", span: 62..63 }
    ^^^^^ Token { kind: Instruction(Jump), lexeme: "@jump", span: 67..72 }
          ^^^^^ Token { kind: Label, lexeme: "loop", span: 73..78 }

^^ Token { kind: Delimiter, lexeme: "\\n", span: 78..80 }
  %loop:
  ^^^^^^ Token { kind: LabelDefinition, lexeme: "loop", span: 82..88 }
    @phi u8 : result, [(%entry, start), (%loop, next)]
^ Token { kind: Delimiter, lexeme: "\\n", span: 88..89 }
    ^^^^ Token { kind: Instruction(Phi), lexeme: "@phi", span: 93..97 }
         ^^ Token { kind: Identifier, lexeme: "u8", span: 98..100 }
            ^ Token { kind: Colon, lexeme: ":", span: 101..102 }
              ^^^^^^ Token { kind: Identifier, lexeme: "result", span: 103..109 }
                    ^ Token { kind: Comma, lexeme: ",", span: 109..110 }
                      ^ Token { kind: LeftBracket, lexeme: "[", span: 111..112 }
                       ^ Token { kind: LeftParen, lexeme: "(", span: 112..113 }
                        ^^^^^^ Token { kind: Label, lexeme: "entry", span: 113..119 }
                              ^ Token { kind: Comma, lexeme: ",", span: 119..120 }
                                ^^^^^ Token { kind: Identifier, lexeme: "start", span: 121..126 }
                                     ^ Token { kind: RightParen, lexeme: ")", span: 126..127 }
                                      ^ Token { kind: Comma, lexeme: ",", span: 127..128 }
                                        ^ Token { kind: LeftParen, lexeme: "(", span: 129..130 }
                                         ^^^^^ Token { kind: Label, lexeme: "loop", span: 130..135 }
                                              ^ Token { kind: Comma, lexeme: ",", span: 135..136 }
                                                ^^^^ Token { kind: Identifier, lexeme: "next", span: 137..141 }
                                                    ^ Token { kind: RightParen, lexeme: ")", span: 141..142 }
                                                     ^ Token { kind: RightBracket, lexeme: "]", span: 142..143 }

^^ Token { kind: Delimiter, lexeme: "\\n", span: 143..145 }
    @cmp u8 : is_running, result, 10
    ^^^^ Token { kind: Instruction(Cmp), lexeme: "@cmp", span: 149..153 }
         ^^ Token { kind: Identifier, lexeme: "u8", span: 154..156 }
            ^ Token { kind: Colon, lexeme: ":", span: 157..158 }
              ^^^^^^^^^^ Token { kind: Identifier, lexeme: "is_running", span: 159..169 }
                        ^ Token { kind: Comma, lexeme: ",", span: 169..170 }
                          ^^^^^^ Token { kind: Identifier, lexeme: "result", span: 171..177 }
                                ^ Token { kind: Comma, lexeme: ",", span: 177..178 }
                                  ^^ Token { kind: Number, lexeme: "10", span: 179..181 }
    @add u8 : next, result, 1
^ Token { kind: Delimiter, lexeme: "\\n", span: 181..182 }
    ^^^^ Token { kind: Instruction(Add), lexeme: "@add", span: 186..190 }
         ^^ Token { kind: Identifier, lexeme: "u8", span: 191..193 }
            ^ Token { kind: Colon, lexeme: ":", span: 194..195 }
              ^^^^ Token { kind: Identifier, lexeme: "next", span: 196..200 }
                  ^ Token { kind: Comma, lexeme: ",", span: 200..201 }
                    ^^^^^^ Token { kind: Identifier, lexeme: "result", span: 202..208 }
                          ^ Token { kind: Comma, lexeme: ",", span: 208..209 }
                            ^ Token { kind: Number, lexeme: "1", span: 210..211 }

^^ Token { kind: Delimiter, lexeme: "\\n", span: 211..213 }
    @jumpif is_running, %exit
    ^^^^^^^ Token { kind: Instruction(JumpIf), lexeme: "@jumpif", span: 217..224 }
            ^^^^^^^^^^ Token { kind: Identifier, lexeme: "is_running", span: 225..235 }
                      ^ Token { kind: Comma, lexeme: ",", span: 235..236 }
                        ^^^^^ Token { kind: Label, lexeme: "exit", span: 237..242 }
    @jump %loop
^ Token { kind: Delimiter, lexeme: "\\n", span: 242..243 }
    ^^^^^ Token { kind: Instruction(Jump), lexeme: "@jump", span: 247..252 }
          ^^^^^ Token { kind: Label, lexeme: "loop", span: 253..258 }

^^ Token { kind: Delimiter, lexeme: "\\n", span: 258..260 }
  %exit:
  ^^^^^^ Token { kind: LabelDefinition, lexeme: "exit", span: 262..268 }
    @ret u8 : result
^ Token { kind: Delimiter, lexeme: "\\n", span: 268..269 }
    ^^^^ Token { kind: Instruction(Ret), lexeme: "@ret", span: 273..277 }
         ^^ Token { kind: Identifier, lexeme: "u8", span: 278..280 }
            ^ Token { kind: Colon, lexeme: ":", span: 281..282 }
              ^^^^^^ Token { kind: Identifier, lexeme: "result", span: 283..289 }
}
^ Token { kind: Delimiter, lexeme: "\\n", span: 289..290 }
^^ Token { kind: RightBrace, lexeme: "}", span: 290..292 }
