---
source: bitbox/src/test.rs
expression: "snapshot_compiler(Target::Wasm32, DebugPass::StructuringIr,\n\"../examples/fib.bitbox\", contents)"
---
extern write_int (s32) -> void
extern write_char (s32) -> void
[31mfunction[0m [35mfib[0m([1;36mn_v0[0m: [33ms32[0m, [1;36ma_v0[0m: [33ms32[0m, [1;36mb_v0[0m: [33ms32[0m, ) s32{
  %[33mentry[0m: [2;38;2;128;128;128m// 0[0m
    [34m@if[0m [1;36mtmp.1_v0[0m:
    [34m@assign[0m [33ms32[0m : [1;36mtmp.0_v0[0m, [33m0[0m
    [34m@cmp[0m [33ms32[0m : [1;36mtmp.1_v0[0m, [1;36mn_v0[0m, [1;36mtmp.0_v0[0m
  then:
    [34m@ret[0m [33ms32[0m : [1;36ma_v0[0m

    [34m@assign[0m [33ms32[0m : [1;36mtmp.2_v0[0m, [33m1[0m
    [34m@sub[0m [33ms32[0m : [1;36mtmp.3_v0[0m, [1;36mn_v0[0m, [1;36mtmp.2_v0[0m
    [34m@add[0m [33ms32[0m : [1;36mtmp.4_v0[0m, [1;36ma_v0[0m, [1;36mb_v0[0m
    [34m@call[0m [33ms32[0m : [1;36mtmp.5_v0[0m [35mfib[0m([1;36mtmp.3_v0[0m, [1;36mb_v0[0m, [1;36mtmp.4_v0[0m)
    [34m@ret[0m [33ms32[0m : [1;36mtmp.5_v0[0m
}
[31mpublic[0m [31mfunction[0m [35mmain[0m() s32{
  %[33mentry[0m: [2;38;2;128;128;128m// 0[0m
    [34m@assign[0m [33ms32[0m : [1;36mtmp.0_v0[0m, [33m55[0m
    [34m@assign[0m [33ms32[0m : [1;36mtmp.1_v0[0m, [33m0[0m
    [34m@assign[0m [33ms32[0m : [1;36mtmp.2_v0[0m, [33m1[0m
    [34m@call[0m [33ms32[0m : [1;36mtmp.3_v0[0m [35mfib[0m([1;36mtmp.0_v0[0m, [1;36mtmp.1_v0[0m, [1;36mtmp.2_v0[0m)
    [34m@assign[0m [33ms32[0m : [1;36mvalue_v0[0m, [1;36mtmp.3_v0[0m
    [34m@call[0m [35mwrite_int[0m([1;36mvalue_v0[0m)
    [34m@assign[0m [33ms32[0m : [1;36mtmp.4_v0[0m, [33m10[0m
    [34m@call[0m [35mwrite_char[0m([1;36mtmp.4_v0[0m)
    [34m@assign[0m [33ms32[0m : [1;36mtmp.5_v0[0m, [33m0[0m
    [34m@ret[0m [33ms32[0m : [1;36mtmp.5_v0[0m
}
