---
source: bitbox/src/test.rs
expression: "snapshot_compiler(Target::X86_64Linux, DebugPass::ControlFlowGraph,\n\"../examples/looping.bitbox\", contents)"
---
IN BOUND:
main:
  BlockId(1):
    BlockId(0):
    BlockId(1):
  BlockId(2):
    BlockId(1):
OUT BOUND:
main:
  BlockId(0):
    BlockId(1):
  BlockId(1):
    BlockId(2):
    BlockId(1):
