---
source: bitbox/src/test.rs
expression: "snapshot_compiler(Target::Wasm32, DebugPass::ControlFlowGraph,\n\"../examples/fib.bitbox\", contents)"
---
IN BOUND:
fib:
  BlockId(1):
    BlockId(0):
  BlockId(2):
    BlockId(0):
    BlockId(1):
OUT BOUND:
fib:
  BlockId(0):
    BlockId(1):
    BlockId(2):
  BlockId(1):
    BlockId(2):
